// Jest Snapshot v1, https://goo.gl/fbAQLP

exports[`JfGraphsComponent should match the snapshot 1`] = `<svg style="overflow: hidden; display: block;" width="0" height="320"><defs><clipPath id="bb--clip"><rect width="0" height="226"></rect></clipPath><clipPath id="bb--clip-xaxis"><rect x="-31" y="-20" width="62" height="110"></rect></clipPath><clipPath id="bb--clip-yaxis"><rect x="-29" y="-4" width="40" height="250"></rect></clipPath><clipPath id="bb--clip-grid"><rect width="0" height="226"></rect></clipPath></defs><g transform="translate(20.5, 4.5)"><rect class="bb-zoom-rect" width="0" height="226" style="opacity: 0;"></rect><g clip-path="url(http://localhost/#bb--clip)" class="bb-regions" style="visibility: visible;"></g><g clip-path="url(http://localhost/#bb--clip-grid)" class="bb-grid" style="visibility: visible;"><g class="bb-xgrid-focus"><line class="bb-xgrid-focus" x1="-10" x2="-10" y1="0" y2="226" style="visibility: hidden;"></line></g></g><g class="bb-chart" clip-path="url(http://localhost/#bb--clip)"><g class="bb-event-rects bb-event-rects-single" style="fill-opacity: 0;"><rect class=" bb-event-rect bb-event-rect-0" x="0" y="0" width="0" height="226"></rect><rect class=" bb-event-rect bb-event-rect-1" x="0" y="0" width="0" height="226"></rect><rect class=" bb-event-rect bb-event-rect-2" x="0" y="0" width="0" height="226"></rect><rect class=" bb-event-rect bb-event-rect-3" x="0" y="0" width="0" height="226"></rect><rect class=" bb-event-rect bb-event-rect-4" x="0" y="0" width="0" height="226"></rect><rect class=" bb-event-rect bb-event-rect-5" x="0" y="0" width="0" height="226"></rect></g><g class="bb-chart-bars"><g class="bb-chart-bar bb-target bb-target-data1" style="opacity: 0; pointer-events: none;"><g class=" bb-shapes bb-shapes-data1 bb-bars bb-bars-data1" style="cursor: pointer;"></g></g><g class="bb-chart-bar bb-target bb-target-data2" style="opacity: 0; pointer-events: none;"><g class=" bb-shapes bb-shapes-data2 bb-bars bb-bars-data2" style="cursor: pointer;"></g></g></g><g class="bb-chart-lines"><g class="bb-chart-line bb-target bb-target-data1" style="opacity: 0; pointer-events: none;"><g class=" bb-shapes bb-shapes-data1 bb-lines bb-lines-data1"><path class=" bb-shape bb-shape bb-line bb-line-data1 " style="stroke: #1f77b4; opacity: 1;" d="M0,207.25L0,62.36363636363636L0,147.5909090909091L0,87.93181818181817L0,104.97727272727273L0,19.75000000000001"></path></g><g class=" bb-shapes bb-shapes-data1 bb-areas bb-areas-data1"><path class=" bb-shape bb-shape bb-area bb-area-data1" style="fill: #1f77b4;"></path></g><g class=" bb-shapes bb-shapes-data1 bb-circles bb-circles-data1" style="cursor: pointer;"><circle class=" bb-shape bb-shape-0 bb-circle bb-circle-0" r="2.5" style="fill: #1f77b4; stroke: #1f77b4; opacity: 1;" cx="0" cy="207.25"></circle><circle class=" bb-shape bb-shape-1 bb-circle bb-circle-1" r="2.5" style="fill: #1f77b4; stroke: #1f77b4; opacity: 1;" cx="0" cy="62.36363636363636"></circle><circle class=" bb-shape bb-shape-2 bb-circle bb-circle-2" r="2.5" style="fill: #1f77b4; stroke: #1f77b4; opacity: 1;" cx="0" cy="147.5909090909091"></circle><circle class=" bb-shape bb-shape-3 bb-circle bb-circle-3" r="2.5" style="fill: #1f77b4; stroke: #1f77b4; opacity: 1;" cx="0" cy="87.93181818181817"></circle><circle class=" bb-shape bb-shape-4 bb-circle bb-circle-4" r="2.5" style="fill: #1f77b4; stroke: #1f77b4; opacity: 1;" cx="0" cy="104.97727272727273"></circle><circle class=" bb-shape bb-shape-5 bb-circle bb-circle-5" r="2.5" style="fill: #1f77b4; stroke: #1f77b4; opacity: 1;" cx="0" cy="19.75000000000001"></circle></g></g><g class="bb-chart-line bb-target bb-target-data2" style="opacity: 0; pointer-events: none;"><g class=" bb-shapes bb-shapes-data2 bb-lines bb-lines-data2"><path class=" bb-shape bb-shape bb-line bb-line-data2 " style="stroke: #ff7f0e; opacity: 1;" d="M0,122.02272727272727L0,147.5909090909091L0,113.5L0,202.98863636363635L0,139.0681818181818L0,190.20454545454547"></path></g><g class=" bb-shapes bb-shapes-data2 bb-areas bb-areas-data2"><path class=" bb-shape bb-shape bb-area bb-area-data2" style="fill: #ff7f0e;"></path></g><g class=" bb-shapes bb-shapes-data2 bb-circles bb-circles-data2" style="cursor: pointer;"><circle class=" bb-shape bb-shape-0 bb-circle bb-circle-0" r="2.5" style="fill: #ff7f0e; stroke: #ff7f0e; opacity: 1;" cx="0" cy="122.02272727272727"></circle><circle class=" bb-shape bb-shape-1 bb-circle bb-circle-1" r="2.5" style="fill: #ff7f0e; stroke: #ff7f0e; opacity: 1;" cx="0" cy="147.5909090909091"></circle><circle class=" bb-shape bb-shape-2 bb-circle bb-circle-2" r="2.5" style="fill: #ff7f0e; stroke: #ff7f0e; opacity: 1;" cx="0" cy="113.5"></circle><circle class=" bb-shape bb-shape-3 bb-circle bb-circle-3" r="2.5" style="fill: #ff7f0e; stroke: #ff7f0e; opacity: 1;" cx="0" cy="202.98863636363635"></circle><circle class=" bb-shape bb-shape-4 bb-circle bb-circle-4" r="2.5" style="fill: #ff7f0e; stroke: #ff7f0e; opacity: 1;" cx="0" cy="139.0681818181818"></circle><circle class=" bb-shape bb-shape-5 bb-circle bb-circle-5" r="2.5" style="fill: #ff7f0e; stroke: #ff7f0e; opacity: 1;" cx="0" cy="190.20454545454547"></circle></g></g></g><g class="bb-chart-arcs" transform="translate(0, 108)"></g></g><g class="bb-axis bb-axis-x" clip-path="url(http://localhost/#bb--clip-xaxis)" transform="translate(0, 226)" style="visibility: visible; opacity: 1;"><text class="bb-axis-x-label" style="text-anchor: end;" x="0" dx="-0.5em" dy="-0.5em"></text><g class="tick" style="opacity: 1;" transform="translate(0,0)"><line y2="0" x1="0" x2="0"></line><text y="9" x="0" style="text-anchor: middle; display: block;"><tspan x="0" dx="0" dy=".71em">0</tspan></text></g><g class="tick" style="opacity: 1;" transform="translate(0,0)"><line y2="0" x1="0" x2="0"></line><text y="9" x="0" style="text-anchor: middle; display: block;"><tspan x="0" dx="0" dy=".71em">1</tspan></text></g><g class="tick" style="opacity: 1;" transform="translate(0,0)"><line y2="0" x1="0" x2="0"></line><text y="9" x="0" style="text-anchor: middle; display: block;"><tspan x="0" dx="0" dy=".71em">2</tspan></text></g><g class="tick" style="opacity: 1;" transform="translate(0,0)"><line y2="0" x1="0" x2="0"></line><text y="9" x="0" style="text-anchor: middle; display: block;"><tspan x="0" dx="0" dy=".71em">3</tspan></text></g><g class="tick" style="opacity: 1;" transform="translate(0,0)"><line y2="0" x1="0" x2="0"></line><text y="9" x="0" style="text-anchor: middle; display: block;"><tspan x="0" dx="0" dy=".71em">4</tspan></text></g><g class="tick" style="opacity: 1;" transform="translate(0,0)"><line y2="0" x1="0" x2="0"></line><text y="9" x="0" style="text-anchor: middle; display: block;"><tspan x="0" dx="0" dy=".71em">5</tspan></text></g><path class="domain" d="M0,6V0H0V6"></path></g><g class="bb-axis bb-axis-y" transform="translate(0, 0)" style="visibility: visible; opacity: 1;"><text class="bb-axis-y-label" transform="rotate(-90)" style="text-anchor: end;" x="0" dx="-0.5em" dy="1.2em"></text><g class="tick" style="opacity: 1;" transform="translate(0,216)"><line x2="-6" y1="0" y2="0"></line><text x="-9" y="0" style="text-anchor: end;">0<tspan x="-9" dx="0" dy="3">20</tspan></text></g><g class="tick" style="opacity: 1;" transform="translate(0,199)"><line x2="-6" y1="0" y2="0"></line><text x="-9" y="0" style="text-anchor: end;">0<tspan x="-9" dx="0" dy="3">40</tspan></text></g><g class="tick" style="opacity: 1;" transform="translate(0,182)"><line x2="-6" y1="0" y2="0"></line><text x="-9" y="0" style="text-anchor: end;">0<tspan x="-9" dx="0" dy="3">60</tspan></text></g><g class="tick" style="opacity: 1;" transform="translate(0,165)"><line x2="-6" y1="0" y2="0"></line><text x="-9" y="0" style="text-anchor: end;">0<tspan x="-9" dx="0" dy="3">80</tspan></text></g><g class="tick" style="opacity: 1;" transform="translate(0,148)"><line x2="-6" y1="0" y2="0"></line><text x="-9" y="0" style="text-anchor: end;">0<tspan x="-9" dx="0" dy="3">100</tspan></text></g><g class="tick" style="opacity: 1;" transform="translate(0,131)"><line x2="-6" y1="0" y2="0"></line><text x="-9" y="0" style="text-anchor: end;">0<tspan x="-9" dx="0" dy="3">120</tspan></text></g><g class="tick" style="opacity: 1;" transform="translate(0,114)"><line x2="-6" y1="0" y2="0"></line><text x="-9" y="0" style="text-anchor: end;">0<tspan x="-9" dx="0" dy="3">140</tspan></text></g><g class="tick" style="opacity: 1;" transform="translate(0,97)"><line x2="-6" y1="0" y2="0"></line><text x="-9" y="0" style="text-anchor: end;">0<tspan x="-9" dx="0" dy="3">160</tspan></text></g><g class="tick" style="opacity: 1;" transform="translate(0,80)"><line x2="-6" y1="0" y2="0"></line><text x="-9" y="0" style="text-anchor: end;">0<tspan x="-9" dx="0" dy="3">180</tspan></text></g><g class="tick" style="opacity: 1;" transform="translate(0,63)"><line x2="-6" y1="0" y2="0"></line><text x="-9" y="0" style="text-anchor: end;">0<tspan x="-9" dx="0" dy="3">200</tspan></text></g><g class="tick" style="opacity: 1;" transform="translate(0,46)"><line x2="-6" y1="0" y2="0"></line><text x="-9" y="0" style="text-anchor: end;">0<tspan x="-9" dx="0" dy="3">220</tspan></text></g><g class="tick" style="opacity: 1;" transform="translate(0,29)"><line x2="-6" y1="0" y2="0"></line><text x="-9" y="0" style="text-anchor: end;">0<tspan x="-9" dx="0" dy="3">240</tspan></text></g><g class="tick" style="opacity: 1;" transform="translate(0,12)"><line x2="-6" y1="0" y2="0"></line><text x="-9" y="0" style="text-anchor: end;">0<tspan x="-9" dx="0" dy="3">260</tspan></text></g><path class="domain" d="M-6,1H0V226H-6"></path></g></g><g transform="translate(0, 260)"><g class="bb-legend-item bb-legend-item-data1" style="visibility: visible; cursor: pointer;"><text style="pointer-events: none;" x="1.5" y="13">data1</text><rect class="bb-legend-item-event" style="fill-opacity: 0;" x="-12.5" y="-1" width="25" height="4"></rect><line class="bb-legend-item-tile" style="stroke: #1f77b4; pointer-events: none;" x1="-14.5" y1="8" x2="-4.5" y2="8" stroke-width="10"></line></g><g class="bb-legend-item bb-legend-item-data2" style="visibility: visible; cursor: pointer;"><text style="pointer-events: none;" x="6.5" y="17">data2</text><rect class="bb-legend-item-event" style="fill-opacity: 0;" x="-7.5" y="3" width="15" height="4"></rect><line class="bb-legend-item-tile" style="stroke: #ff7f0e; pointer-events: none;" x1="-9.5" y1="12" x2="0.5" y2="12" stroke-width="10"></line></g></g></svg><div class="bb-tooltip-container" style="position: absolute; pointer-events: none; display: none;"></div>`;
